{
  "params": {
    "token": "supersecrettoken",
    "project": "some project",
    "test_plan": "sometestplan",
    "suite": "blank suite",
    "host": "selenium.grid.com",
    "debug": true,
    "port": 4444,
    "test_id": "sometestid",
    "label": "somelabel",
    "timeout": 300
  },
  "source": {
    "url": "https://some.url"
  }
}
